assists
gamesPlayed
goals
homePlusMinus
playerFirstName
playerLastName
playerName
playerPositionCode
playerTeamsPlayedFor
plusMinus
points
ppTeamGoalsAgainst
ppTeamGoalsFor
roadPlusMinus
seasonId
teamGoalsAgainst
teamGoalsFor
defensiveZoneFaceoffs
fiveOnFiveSavePctg
fiveOnFiveShootingPctg
offensiveZoneFaceoffs
shootingPlusSavePctg
shotAttemptsPctg
shotAttemptsPctgAhead
shotAttemptsPctgBehind
shotAttemptsPctgClose
shotAttemptsPctgTied
unblockedShotAttemptsPctg
unblockedShotAttemptsPctgAhead
unblockedShotAttemptsPctgBehind
unblockedShotAttemptsPctgClose
unblockedShotAttemptsPctgTied
zoneStartPctg
shotAttempts
shotAttemptsAgainst
shotAttemptsAhead
shotAttemptsBehind
shotAttemptsClose
shotAttemptsFor
shotAttemptsRelPctg
shotAttemptsRelPer60Minutes
shotAttemptsTied
unblockedShotAttempts
unblockedShotAttemptsAgainst
unblockedShotAttemptsAhead
unblockedShotAttemptsBehind
unblockedShotAttemptsClose
unblockedShotAttemptsFor
unblockedShotAttemptsRelPctg
unblockedShotAttemptsRelPer60Minutes
unblockedShotAttemptsTied
goalsBackhand
goalsDeflected
goalsSlap
goalsSnap
goalsTipped
goalsWraparound
goalsWrist
missedShots
missedShotsHitCrossbar
missedShotsHitPost
missedShotsOverNet
missedShotsWideOfNet
shots
shotsBackhand
shotsDeflected
shotsSlap
shotsSnap
shotsTipped
shotsWraparound
shotsWrist
faceoffLoss
faceoffLossDefensiveZone
faceoffLossNeutralZone
faceoffLossOffensiveZone
faceoffLossWhenAhead
faceoffLossWhenBehind
faceoffLossWhenClose
faceoffWinPctg
faceoffWinPctgDefensiveZone
faceoffWinPctgNeutralZone
faceoffWinPctgOffensiveZone
faceoffWins
faceoffWinsDefensiveZone
faceoffWinsNeutralZone
faceoffWinsOffensiveZone
faceoffWinsWhenAhead
faceoffWinsWhenBehind
faceoffWinsWhenClose
faceoffsTaken
assistsPerGame
evAssists
penaltyMinutes
ppAssists
shAssists
gameWinningGoals
otGoals
ppGoals
ppPoints
shGoals
shPoints
shiftsPerGame
shootingPctg
timeOnIcePerGame
enGoals
evGoals
firstGoals
goalsPerGame
penaltyShotAttempts
penaltyShotGoals
assist1st
assist2nd
assistsPer60Minutes
avgShotLength
goalsPer60Minutes
penaltiesDrawnPer60Minutes
penaltiesPer60Minutes
pointsPer60Minutes
evPoints
pointsPerGame